App.tsx(998,17): error TS2322: Type '{ text: string; groundingMetadata?: any; }' is not assignable to type 'string'.
components/FloatingChat.tsx(55,25): error TS2345: Argument of type '(prev: ChatMessage[]) => (ChatMessage | { answer: { text: string; groundingMetadata?: any; }; isLoading: false; id: string; query: string; timestamp: number; })[]' is not assignable to parameter of type 'SetStateAction<ChatMessage[]>'.
  Type '(prev: ChatMessage[]) => (ChatMessage | { answer: { text: string; groundingMetadata?: any; }; isLoading: false; id: string; query: string; timestamp: number; })[]' is not assignable to type '(prevState: ChatMessage[]) => ChatMessage[]'.
    Type '(ChatMessage | { answer: { text: string; groundingMetadata?: any; }; isLoading: false; id: string; query: string; timestamp: number; })[]' is not assignable to type 'ChatMessage[]'.
      Type 'ChatMessage | { answer: { text: string; groundingMetadata?: any; }; isLoading: false; id: string; query: string; timestamp: number; }' is not assignable to type 'ChatMessage'.
        Type '{ answer: { text: string; groundingMetadata?: any; }; isLoading: false; id: string; query: string; timestamp: number; }' is not assignable to type 'ChatMessage'.
          Types of property 'answer' are incompatible.
            Type '{ text: string; groundingMetadata?: any; }' is not assignable to type 'string'.
components/NewsDetail.tsx(92,103): error TS2339: Property 'imageKeywords' does not exist on type '{ content: string; sources: any[]; related: any[]; }'.
services/ChatService.ts(106,25): error TS2322: Type '{ mode?: "video" | "fast" | "deep" | "research" | "extreme"; confidence?: "high" | "medium" | "low"; scope?: string; }' is not assignable to type 'AgentMetadata'.
  Types of property 'mode' are incompatible.
    Type '"video" | "fast" | "deep" | "research" | "extreme"' is not assignable to type '"video" | "fast" | "deep" | "research"'.
      Type '"extreme"' is not assignable to type '"video" | "fast" | "deep" | "research"'.
services/ChatService.ts(126,17): error TS2322: Type '"video" | "fast" | "deep" | "research" | "extreme"' is not assignable to type '"video" | "fast" | "deep" | "research"'.
  Type '"extreme"' is not assignable to type '"video" | "fast" | "deep" | "research"'.
