electron/main.ts(656,17): error TS2339: Property 'data' does not exist on type 'void'.
electron/main.ts(1812,45): error TS2339: Property 'catch' does not exist on type 'void'.
electron/main.ts(1812,52): error TS7006: Parameter 'err' implicitly has an 'any' type.
electron/main.ts(1817,63): error TS2339: Property 'catch' does not exist on type 'void'.
electron/main.ts(1845,12): error TS2339: Property 'catch' does not exist on type 'void'.
electron/main.ts(1928,12): error TS2339: Property 'catch' does not exist on type 'void'.
